******************************************************************************
                  MSP430 Linker PC v4.1.0                      
******************************************************************************
>> Linked Wed Jun 19 15:20:29 2013

OUTPUT FILE NAME:   <BLE_Sensor_Network_Project.out>
ENTRY POINT SYMBOL: "_c_int00"  address: 0000f11e


MEMORY CONFIGURATION

         name            origin    length      used     unused   attr    fill
----------------------  --------  ---------  --------  --------  ----  --------
  SFR                   00000000   00000010  00000000  00000010  RWIX
  PERIPHERALS_8BIT      00000010   000000f0  00000000  000000f0  RWIX
  PERIPHERALS_16BIT     00000100   00000100  00000000  00000100  RWIX
  RAM                   00000200   00000200  0000017a  00000086  RWIX
  INFOD                 00001000   00000040  00000000  00000040  RWIX
  INFOC                 00001040   00000040  00000000  00000040  RWIX
  INFOB                 00001080   00000040  00000000  00000040  RWIX
  INFOA                 000010c0   00000040  00000000  00000040  RWIX
  FLASH                 0000c000   00003fe0  00003667  00000979  RWIX
  INT00                 0000ffe0   00000002  00000000  00000002  RWIX
  INT01                 0000ffe2   00000002  00000000  00000002  RWIX
  INT02                 0000ffe4   00000002  00000002  00000000  RWIX
  INT03                 0000ffe6   00000002  00000000  00000002  RWIX
  INT04                 0000ffe8   00000002  00000000  00000002  RWIX
  INT05                 0000ffea   00000002  00000002  00000000  RWIX
  INT06                 0000ffec   00000002  00000002  00000000  RWIX
  INT07                 0000ffee   00000002  00000002  00000000  RWIX
  INT08                 0000fff0   00000002  00000000  00000002  RWIX
  INT09                 0000fff2   00000002  00000002  00000000  RWIX
  INT10                 0000fff4   00000002  00000002  00000000  RWIX
  INT11                 0000fff6   00000002  00000000  00000002  RWIX
  INT12                 0000fff8   00000002  00000000  00000002  RWIX
  INT13                 0000fffa   00000002  00000000  00000002  RWIX
  INT14                 0000fffc   00000002  00000000  00000002  RWIX
  RESET                 0000fffe   00000002  00000002  00000000  RWIX


SECTION ALLOCATION MAP

 output                                  attributes/
section   page    origin      length       input sections
--------  ----  ----------  ----------   ----------------
.init_array 
*          0    0000c000    00000000     UNINITIALIZED

.data      0    00000200    00000080     
                  00000200    00000036     BLE_Sensor_Network.obj (.data:symbol)
                  00000236    00000022     BLE_Sensor_Network.obj (.data)
                  00000258    00000014     BLE_Sensor_Network.obj (.data:buffer6)
                  0000026c    0000000e     BLE_Sensor_Network.obj (.data:pulse)
                  0000027a    00000006     UART.obj (.data)

.TI.persistent 
*          0    00000200    00000000     UNINITIALIZED

.bss       0    00000280    0000005a     UNINITIALIZED
                  00000280    00000038     BLE_Sensor_Network.obj (.bss)
                  000002b8    00000022     UART.obj (.bss)

.TI.noinit 
*          0    00000280    00000000     UNINITIALIZED

.stack     0    00000360    000000a0     UNINITIALIZED
                  00000360    00000002     rts430_eabi.lib : boot.obj (.stack)
                  00000362    0000009e     --HOLE--

.text      0    0000c000    000031fa     
                  0000c000    00002070     BLE_Sensor_Network.obj (.text:main)
                  0000e070    000005ea     BLE_Sensor_Network.obj (.text:GET)
                  0000e65a    000003a6     BLE_Sensor_Network.obj (.text:MOVEHOST)
                  0000ea00    00000108     BLE_Sensor_Network.obj (.text:Timer0_A0)
                  0000eb08    0000008a     BLE_Sensor_Network.obj (.text:itoa)
                  0000eb92    00000072     BLE_Sensor_Network.obj (.text:MAC)
                  0000ec04    0000005e     rts430_eabi.lib : copy_decompress_rle.obj (.text:__TI_decompress_rle_core)
                  0000ec62    0000005e                     : autoinit.obj (.text:_auto_init)
                  0000ecc0    00000056     BLE_Sensor_Network.obj (.text:reverse)
                  0000ed16    00000054     UART.obj (.text:InitUART)
                  0000ed6a    00000054     rts430_eabi.lib : atoi.obj (.text:atoi)
                  0000edbe    00000048     UART.obj (.text:USCI0RX_ISR)
                  0000ee06    0000003a     UART.obj (.text:putnUART)
                  0000ee40    00000036     BLE_Sensor_Network.obj (.text:SLEEPY)
                  0000ee76    00000032     BLE_Sensor_Network.obj (.text:GEN)
                  0000eea8    00000032     HAL_Setup.obj (.text:HAL_Port_Setup)
                  0000eeda    0000002e     BLE_Sensor_Network.obj (.text:IFEQ)
                  0000ef08    0000002e     BLE_Sensor_Network.obj (.text:IFGT)
                  0000ef36    0000002e     BLE_Sensor_Network.obj (.text:IFLT)
                  0000ef64    0000002c     BLE_Sensor_Network.obj (.text:NOT)
                  0000ef90    0000002c     BLE_Sensor_Network.obj (.text:PORT1_ISR)
                  0000efbc    0000002c     rts430_eabi.lib : div16s.obj (.text)
                  0000efe8    0000002c                     : lsl16.obj (.text)
                  0000f014    00000028                     : strncmp.obj (.text:strncmp)
                  0000f03c    00000020     BLE_Sensor_Network.obj (.text:watchdog_timer)
                  0000f05c    0000001e     BLE_Sensor_Network.obj (.text:AND)
                  0000f07a    0000001e     BLE_Sensor_Network.obj (.text:OR)
                  0000f098    0000001e     BLE_Sensor_Network.obj (.text:SETADD)
                  0000f0b6    0000001a     BLE_Sensor_Network.obj (.text:ConfigureTimerPwm)
                  0000f0d0    0000001a     BLE_Sensor_Network.obj (.text:ENDIF)
                  0000f0ea    0000001a     BLE_Sensor_Network.obj (.text:InitializeButton)
                  0000f104    0000001a     BLE_Sensor_Network.obj (.text:SET)
                  0000f11e    0000001a     rts430_eabi.lib : boot.obj (.text:_c_int00_noexit)
                  0000f138    00000018     BLE_Sensor_Network.obj (.text:ConfigureAdc)
                  0000f150    00000016     rts430_eabi.lib : div16u.obj (.text)
                  0000f166    00000014                     : copy_zero_init.obj (.text:decompress:ZI:__TI_zero_init)
                  0000f17a    00000014                     : mult16.obj (.text)
                  0000f18e    00000012                     : copy_decompress_none.obj (.text:decompress:none:__TI_decompress_none)
                  0000f1a0    00000012                     : memcpy.obj (.text:memcpy)
                  0000f1b2    00000012                     : strlen.obj (.text:strlen)
                  0000f1c4    00000010                     : epilog.obj (.text)
                  0000f1d4    0000000e     HAL_Setup.obj (.text:HAL_Clock_Setup)
                  0000f1e2    00000008     BLE_Sensor_Network.obj (.text:ADC10_ISR)
                  0000f1ea    00000006     rts430_eabi.lib : copy_decompress_rle.obj (.text:decompress:rle24:__TI_decompress_rle24)
                  0000f1f0    00000004                     : pre_init.obj (.text:_system_pre_init)
                  0000f1f4    00000004                     : exit.obj (.text:abort)
                  0000f1f8    00000002     UART.obj (.text:USCI0TX_ISR)

.const     0    0000f1fa    0000043f     
                  0000f1fa    00000322     BLE_Sensor_Network.obj (.const:.string)
                  0000f51c    00000101     rts430_eabi.lib : ctype.obj (.const:_ctypes_)
                  0000f61d    00000001     --HOLE-- [fill = 0]
                  0000f61e    0000001b     BLE_Sensor_Network.obj (.const:$P$T0$1)

.cinit     0    0000f63a    0000002e     
                  0000f63a    0000001b     (.cinit..data.load) [load image, compression = rle]
                  0000f655    00000001     --HOLE-- [fill = 0]
                  0000f656    00000006     (__TI_handler_table)
                  0000f65c    00000004     (.cinit..bss.load) [load image, compression = zero_init]
                  0000f660    00000008     (__TI_cinit_table)

PORT1      0    0000ffe4    00000002     
                  0000ffe4    00000002     BLE_Sensor_Network.obj (.int02)

ADC10      0    0000ffea    00000002     
                  0000ffea    00000002     BLE_Sensor_Network.obj (.int05)

USCIAB0TX 
*          0    0000ffec    00000002     
                  0000ffec    00000002     UART.obj (.int06)

USCIAB0RX 
*          0    0000ffee    00000002     
                  0000ffee    00000002     UART.obj (.int07)

TIMER0_A0 
*          0    0000fff2    00000002     
                  0000fff2    00000002     BLE_Sensor_Network.obj (.int09)

WDT        0    0000fff4    00000002     
                  0000fff4    00000002     BLE_Sensor_Network.obj (.int10)

.reset     0    0000fffe    00000002     
                  0000fffe    00000002     rts430_eabi.lib : boot.obj (.reset)


LINKER GENERATED COPY TABLES

__TI_cinit_table @ 0000f660 records: 2, size/record: 4, table size: 8
	.data: load addr=0000f63a, load size=0000001b bytes, run addr=00000200, run size=00000080 bytes, compression=rle
	.bss: load addr=0000f65c, load size=00000004 bytes, run addr=00000280, run size=0000005a bytes, compression=zero_init


LINKER GENERATED HANDLER TABLE

__TI_handler_table @ 0000f656 records: 3, size/record: 2, table size: 6
	index: 0, handler: __TI_zero_init
	index: 1, handler: __TI_decompress_rle24
	index: 2, handler: __TI_decompress_none


GLOBAL SYMBOLS: SORTED ALPHABETICALLY BY Name 

address    name
--------   ----
0000004a   ADC10AE0
000001b0   ADC10CTL0
000001b2   ADC10CTL1
00000048   ADC10DTC0
00000049   ADC10DTC1
000001b4   ADC10MEM
000001bc   ADC10SA
0000f1e2   ADC10_ISR
0000f05c   AND
00000057   BCSCTL1
00000058   BCSCTL2
00000053   BCSCTL3
0000027a   Byte_Counter
0000f1f4   C$$EXIT
00000059   CACTL1
0000005a   CACTL2
000010fb   CALBC1_12MHZ
000010f9   CALBC1_16MHZ
000010ff   CALBC1_1MHZ
000010fd   CALBC1_8MHZ
000010fa   CALDCO_12MHZ
000010f8   CALDCO_16MHZ
000010fe   CALDCO_1MHZ
000010fc   CALDCO_8MHZ
0000005b   CAPD
0000f138   ConfigureAdc
0000f0b6   ConfigureTimerPwm
00000056   DCOCTL
0000f0d0   ENDIF
00000128   FCTL1
0000012a   FCTL2
0000012c   FCTL3
0000ee76   GEN
0000e070   GET
0000f1d4   HAL_Clock_Setup
0000eea8   HAL_Port_Setup
00000000   IE1
00000001   IE2
0000eeda   IFEQ
00000002   IFG1
00000003   IFG2
0000ef08   IFGT
0000ef36   IFLT
0000ed16   InitUART
0000f0ea   InitializeButton
000002bc   LineBuffer
0000eb92   MAC
0000e65a   MOVEHOST
0000ef64   NOT
0000f07a   OR
00000022   P1DIR
00000025   P1IE
00000024   P1IES
00000023   P1IFG
00000020   P1IN
00000021   P1OUT
00000027   P1REN
00000026   P1SEL
00000041   P1SEL2
0000002a   P2DIR
0000002d   P2IE
0000002c   P2IES
0000002b   P2IFG
00000028   P2IN
00000029   P2OUT
0000002f   P2REN
0000002e   P2SEL
00000042   P2SEL2
0000001a   P3DIR
00000018   P3IN
00000019   P3OUT
00000010   P3REN
0000001b   P3SEL
00000043   P3SEL2
0000ef90   PORT1_ISR
00000238   Rate
0000f104   SET
0000f098   SETADD
0000ee40   SLEEPY
00000172   TA0CCR0
00000174   TA0CCR1
00000176   TA0CCR2
00000162   TA0CCTL0
00000164   TA0CCTL1
00000166   TA0CCTL2
00000160   TA0CTL
0000012e   TA0IV
00000170   TA0R
00000192   TA1CCR0
00000194   TA1CCR1
00000196   TA1CCR2
00000182   TA1CCTL0
00000184   TA1CCTL1
00000186   TA1CCTL2
00000180   TA1CTL
0000011e   TA1IV
00000190   TA1R
00000236   Time
0000ea00   Timer0_A0
000002ba   UARTRxBufferPointer
0000027c   UARTRxBufferSize
0000005d   UCA0ABCTL
00000062   UCA0BR0
00000063   UCA0BR1
00000060   UCA0CTL0
00000061   UCA0CTL1
0000005f   UCA0IRRCTL
0000005e   UCA0IRTCTL
00000064   UCA0MCTL
00000066   UCA0RXBUF
00000065   UCA0STAT
00000067   UCA0TXBUF
0000006a   UCB0BR0
0000006b   UCB0BR1
00000068   UCB0CTL0
00000069   UCB0CTL1
0000006c   UCB0I2CIE
00000118   UCB0I2COA
0000011a   UCB0I2CSA
0000006e   UCB0RXBUF
0000006d   UCB0STAT
0000006f   UCB0TXBUF
0000edbe   USCI0RX_ISR
0000f1f8   USCI0TX_ISR
00000120   WDTCTL
00000400   __STACK_END
000000a0   __STACK_SIZE
0000f660   __TI_CINIT_Base
0000f668   __TI_CINIT_Limit
0000f656   __TI_Handler_Table_Base
0000f65c   __TI_Handler_Table_Limit
00000001   __TI_args_main
0000f18e   __TI_decompress_none
0000f1ea   __TI_decompress_rle24
00000001   __TI_exit
0000f166   __TI_zero_init
ffffffff   __binit__
ffffffff   __c_args__
0000efbc   __mspabi_divi
0000f150   __mspabi_divu
0000f1d0   __mspabi_func_epilog_1
0000f1ce   __mspabi_func_epilog_2
0000f1cc   __mspabi_func_epilog_3
0000f1ca   __mspabi_func_epilog_4
0000f1c8   __mspabi_func_epilog_5
0000f1c6   __mspabi_func_epilog_6
0000f1c4   __mspabi_func_epilog_7
0000f17a   __mspabi_mpyi
0000efbc   __mspabi_remi
0000f150   __mspabi_remu
0000efe8   __mspabi_slli
0000f010   __mspabi_slli_1
0000effe   __mspabi_slli_10
0000effc   __mspabi_slli_11
0000effa   __mspabi_slli_12
0000eff8   __mspabi_slli_13
0000eff6   __mspabi_slli_14
0000eff4   __mspabi_slli_15
0000f00e   __mspabi_slli_2
0000f00c   __mspabi_slli_3
0000f00a   __mspabi_slli_4
0000f008   __mspabi_slli_5
0000f006   __mspabi_slli_6
0000f004   __mspabi_slli_7
0000f002   __mspabi_slli_8
0000f000   __mspabi_slli_9
0000ec62   _auto_init
0000f11e   _c_int00
0000f11e   _c_int00_noexit
0000f51c   _ctypes_
0000fffe   _reset_vector
00000360   _stack
0000f1f0   _system_pre_init
0000028e   a2dbuffer1
000002a2   a2dbuffer2
00000240   a2dbuffersize
00000254   a2dcounter
0000024c   a2devent1
0000024e   a2devent2
00000252   a2dperiod
0000f1f4   abort
0000ed6a   atoi
000002b8   bUARTDataReceived_event
ffffffff   binit
00000258   buffer6
0000024a   bufferindex
0000027e   bufferlength
0000023c   capture
00000248   event
0000023e   executor
0000eb08   itoa
000002b6   lastsleepcounter
00000256   learn
0000c000   main
0000f1a0   memcpy
00000280   message
00000244   period
0000026c   pulse
00000250   pulsecount
0000ee06   putnUART
00000246   quiet
0000ecc0   reverse
0000028a   samples
00000242   sleepcounter
0000f1b2   strlen
0000f014   strncmp
00000200   symbol
0000023a   timerMode
0000f03c   watchdog_timer


GLOBAL SYMBOLS: SORTED BY Symbol Address 

address    name
--------   ----
00000000   IE1
00000001   IE2
00000001   __TI_args_main
00000001   __TI_exit
00000002   IFG1
00000003   IFG2
00000010   P3REN
00000018   P3IN
00000019   P3OUT
0000001a   P3DIR
0000001b   P3SEL
00000020   P1IN
00000021   P1OUT
00000022   P1DIR
00000023   P1IFG
00000024   P1IES
00000025   P1IE
00000026   P1SEL
00000027   P1REN
00000028   P2IN
00000029   P2OUT
0000002a   P2DIR
0000002b   P2IFG
0000002c   P2IES
0000002d   P2IE
0000002e   P2SEL
0000002f   P2REN
00000041   P1SEL2
00000042   P2SEL2
00000043   P3SEL2
00000048   ADC10DTC0
00000049   ADC10DTC1
0000004a   ADC10AE0
00000053   BCSCTL3
00000056   DCOCTL
00000057   BCSCTL1
00000058   BCSCTL2
00000059   CACTL1
0000005a   CACTL2
0000005b   CAPD
0000005d   UCA0ABCTL
0000005e   UCA0IRTCTL
0000005f   UCA0IRRCTL
00000060   UCA0CTL0
00000061   UCA0CTL1
00000062   UCA0BR0
00000063   UCA0BR1
00000064   UCA0MCTL
00000065   UCA0STAT
00000066   UCA0RXBUF
00000067   UCA0TXBUF
00000068   UCB0CTL0
00000069   UCB0CTL1
0000006a   UCB0BR0
0000006b   UCB0BR1
0000006c   UCB0I2CIE
0000006d   UCB0STAT
0000006e   UCB0RXBUF
0000006f   UCB0TXBUF
000000a0   __STACK_SIZE
00000118   UCB0I2COA
0000011a   UCB0I2CSA
0000011e   TA1IV
00000120   WDTCTL
00000128   FCTL1
0000012a   FCTL2
0000012c   FCTL3
0000012e   TA0IV
00000160   TA0CTL
00000162   TA0CCTL0
00000164   TA0CCTL1
00000166   TA0CCTL2
00000170   TA0R
00000172   TA0CCR0
00000174   TA0CCR1
00000176   TA0CCR2
00000180   TA1CTL
00000182   TA1CCTL0
00000184   TA1CCTL1
00000186   TA1CCTL2
00000190   TA1R
00000192   TA1CCR0
00000194   TA1CCR1
00000196   TA1CCR2
000001b0   ADC10CTL0
000001b2   ADC10CTL1
000001b4   ADC10MEM
000001bc   ADC10SA
00000200   symbol
00000236   Time
00000238   Rate
0000023a   timerMode
0000023c   capture
0000023e   executor
00000240   a2dbuffersize
00000242   sleepcounter
00000244   period
00000246   quiet
00000248   event
0000024a   bufferindex
0000024c   a2devent1
0000024e   a2devent2
00000250   pulsecount
00000252   a2dperiod
00000254   a2dcounter
00000256   learn
00000258   buffer6
0000026c   pulse
0000027a   Byte_Counter
0000027c   UARTRxBufferSize
0000027e   bufferlength
00000280   message
0000028a   samples
0000028e   a2dbuffer1
000002a2   a2dbuffer2
000002b6   lastsleepcounter
000002b8   bUARTDataReceived_event
000002ba   UARTRxBufferPointer
000002bc   LineBuffer
00000360   _stack
00000400   __STACK_END
000010f8   CALDCO_16MHZ
000010f9   CALBC1_16MHZ
000010fa   CALDCO_12MHZ
000010fb   CALBC1_12MHZ
000010fc   CALDCO_8MHZ
000010fd   CALBC1_8MHZ
000010fe   CALDCO_1MHZ
000010ff   CALBC1_1MHZ
0000c000   main
0000e070   GET
0000e65a   MOVEHOST
0000ea00   Timer0_A0
0000eb08   itoa
0000eb92   MAC
0000ec62   _auto_init
0000ecc0   reverse
0000ed16   InitUART
0000ed6a   atoi
0000edbe   USCI0RX_ISR
0000ee06   putnUART
0000ee40   SLEEPY
0000ee76   GEN
0000eea8   HAL_Port_Setup
0000eeda   IFEQ
0000ef08   IFGT
0000ef36   IFLT
0000ef64   NOT
0000ef90   PORT1_ISR
0000efbc   __mspabi_divi
0000efbc   __mspabi_remi
0000efe8   __mspabi_slli
0000eff4   __mspabi_slli_15
0000eff6   __mspabi_slli_14
0000eff8   __mspabi_slli_13
0000effa   __mspabi_slli_12
0000effc   __mspabi_slli_11
0000effe   __mspabi_slli_10
0000f000   __mspabi_slli_9
0000f002   __mspabi_slli_8
0000f004   __mspabi_slli_7
0000f006   __mspabi_slli_6
0000f008   __mspabi_slli_5
0000f00a   __mspabi_slli_4
0000f00c   __mspabi_slli_3
0000f00e   __mspabi_slli_2
0000f010   __mspabi_slli_1
0000f014   strncmp
0000f03c   watchdog_timer
0000f05c   AND
0000f07a   OR
0000f098   SETADD
0000f0b6   ConfigureTimerPwm
0000f0d0   ENDIF
0000f0ea   InitializeButton
0000f104   SET
0000f11e   _c_int00
0000f11e   _c_int00_noexit
0000f138   ConfigureAdc
0000f150   __mspabi_divu
0000f150   __mspabi_remu
0000f166   __TI_zero_init
0000f17a   __mspabi_mpyi
0000f18e   __TI_decompress_none
0000f1a0   memcpy
0000f1b2   strlen
0000f1c4   __mspabi_func_epilog_7
0000f1c6   __mspabi_func_epilog_6
0000f1c8   __mspabi_func_epilog_5
0000f1ca   __mspabi_func_epilog_4
0000f1cc   __mspabi_func_epilog_3
0000f1ce   __mspabi_func_epilog_2
0000f1d0   __mspabi_func_epilog_1
0000f1d4   HAL_Clock_Setup
0000f1e2   ADC10_ISR
0000f1ea   __TI_decompress_rle24
0000f1f0   _system_pre_init
0000f1f4   C$$EXIT
0000f1f4   abort
0000f1f8   USCI0TX_ISR
0000f51c   _ctypes_
0000f656   __TI_Handler_Table_Base
0000f65c   __TI_Handler_Table_Limit
0000f660   __TI_CINIT_Base
0000f668   __TI_CINIT_Limit
0000fffe   _reset_vector
ffffffff   __binit__
ffffffff   __c_args__
ffffffff   binit

[209 symbols]
